The system is: Darwin - 24.3.0 - arm64
Compiling the C compiler identification source file "CMakeCCompilerId.c" succeeded.
Compiler: /Library/Developer/CommandLineTools/usr/bin/cc 
Build flags: 
Id flags: -c 

The output was:
0


Compilation of the C compiler identification source "CMakeCCompilerId.c" produced "CMakeCCompilerId.o"

The C compiler identification is AppleClang, found in "/Users/xiaohuo/Documents/Code/项目一代码/AI-infra/lesson_threads/build/CMakeFiles/3.25.2/CompilerIdC/CMakeCCompilerId.o"

Compiling the CXX compiler identification source file "CMakeCXXCompilerId.cpp" succeeded.
Compiler: /Library/Developer/CommandLineTools/usr/bin/c++ 
Build flags: 
Id flags: -c 

The output was:
0


Compilation of the CXX compiler identification source "CMakeCXXCompilerId.cpp" produced "CMakeCXXCompilerId.o"

The CXX compiler identification is AppleClang, found in "/Users/xiaohuo/Documents/Code/项目一代码/AI-infra/lesson_threads/build/CMakeFiles/3.25.2/CompilerIdCXX/CMakeCXXCompilerId.o"

Detecting C compiler ABI info compiled with the following output:
Change Dir: /Users/xiaohuo/Documents/Code/项目一代码/AI-infra/lesson_threads/build/CMakeFiles/CMakeScratch/TryCompile-IStisa

Run Build Command(s):/usr/bin/make -f Makefile cmTC_060c6/fast && /Library/Developer/CommandLineTools/usr/bin/make  -f CMakeFiles/cmTC_060c6.dir/build.make CMakeFiles/cmTC_060c6.dir/build
Building C object CMakeFiles/cmTC_060c6.dir/CMakeCCompilerABI.c.o
/Library/Developer/CommandLineTools/usr/bin/cc   -arch arm64 -isysroot /Library/Developer/CommandLineTools/SDKs/MacOSX15.2.sdk   -v -Wl,-v -MD -MT CMakeFiles/cmTC_060c6.dir/CMakeCCompilerABI.c.o -MF CMakeFiles/cmTC_060c6.dir/CMakeCCompilerABI.c.o.d -o CMakeFiles/cmTC_060c6.dir/CMakeCCompilerABI.c.o -c /opt/homebrew/Cellar/cmake/3.25.2/share/cmake/Modules/CMakeCCompilerABI.c
Apple clang version 16.0.0 (clang-1600.0.26.6)
Target: arm64-apple-darwin24.3.0
Thread model: posix
InstalledDir: /Library/Developer/CommandLineTools/usr/bin
cc: warning: -Wl,-v: 'linker' input unused [-Wunused-command-line-argument]
 "/Library/Developer/CommandLineTools/usr/bin/clang" -cc1 -triple arm64-apple-macosx15.0.0 -Wundef-prefix=TARGET_OS_ -Wdeprecated-objc-isa-usage -Werror=deprecated-objc-isa-usage -Werror=implicit-function-declaration -emit-obj -mrelax-all -disable-free -clear-ast-before-backend -disable-llvm-verifier -discard-value-names -main-file-name CMakeCCompilerABI.c -mrelocation-model pic -pic-level 2 -mframe-pointer=non-leaf -fno-strict-return -ffp-contract=on -fno-rounding-math -funwind-tables=1 -fobjc-msgsend-selector-stubs -target-sdk-version=15.2 -fvisibility-inlines-hidden-static-local-var -fno-modulemap-allow-subdirectory-search -target-cpu apple-m1 -target-feature +v8.5a -target-feature +aes -target-feature +crc -target-feature +dotprod -target-feature +fp-armv8 -target-feature +fp16fml -target-feature +lse -target-feature +ras -target-feature +rcpc -target-feature +rdm -target-feature +sha2 -target-feature +sha3 -target-feature +neon -target-feature +zcm -target-feature +zcz -target-feature +fullfp16 -target-abi darwinpcs -debugger-tuning=lldb -target-linker-version 1115.7.3 -v -fcoverage-compilation-dir=/Users/xiaohuo/Documents/Code/项目一代码/AI-infra/lesson_threads/build/CMakeFiles/CMakeScratch/TryCompile-IStisa -resource-dir /Library/Developer/CommandLineTools/usr/lib/clang/16 -dependency-file CMakeFiles/cmTC_060c6.dir/CMakeCCompilerABI.c.o.d -skip-unused-modulemap-deps -MT CMakeFiles/cmTC_060c6.dir/CMakeCCompilerABI.c.o -sys-header-deps -isysroot /Library/Developer/CommandLineTools/SDKs/MacOSX15.2.sdk -internal-isystem /Library/Developer/CommandLineTools/SDKs/MacOSX15.2.sdk/usr/local/include -internal-isystem /Library/Developer/CommandLineTools/usr/lib/clang/16/include -internal-externc-isystem /Library/Developer/CommandLineTools/SDKs/MacOSX15.2.sdk/usr/include -internal-externc-isystem /Library/Developer/CommandLineTools/usr/include -Wno-reorder-init-list -Wno-implicit-int-float-conversion -Wno-c99-designator -Wno-final-dtor-non-final-class -Wno-extra-semi-stmt -Wno-misleading-indentation -Wno-quoted-include-in-framework-header -Wno-implicit-fallthrough -Wno-enum-enum-conversion -Wno-enum-float-conversion -Wno-elaborated-enum-base -Wno-reserved-identifier -Wno-gnu-folding-constant -fdebug-compilation-dir=/Users/xiaohuo/Documents/Code/项目一代码/AI-infra/lesson_threads/build/CMakeFiles/CMakeScratch/TryCompile-IStisa -ferror-limit 19 -stack-protector 1 -fstack-check -mdarwin-stkchk-strong-link -fblocks -fencode-extended-block-signature -fregister-global-dtors-with-atexit -fgnuc-version=4.2.1 -fmax-type-align=16 -fcommon -clang-vendor-feature=+disableNonDependentMemberExprInCurrentInstantiation -fno-odr-hash-protocols -clang-vendor-feature=+enableAggressiveVLAFolding -clang-vendor-feature=+revert09abecef7bbf -clang-vendor-feature=+thisNoAlignAttr -clang-vendor-feature=+thisNoNullAttr -clang-vendor-feature=+disableAtImportPrivateFrameworkInImplementationError -D__GCC_HAVE_DWARF2_CFI_ASM=1 -o CMakeFiles/cmTC_060c6.dir/CMakeCCompilerABI.c.o -x c /opt/homebrew/Cellar/cmake/3.25.2/share/cmake/Modules/CMakeCCompilerABI.c
clang -cc1 version 16.0.0 (clang-1600.0.26.6) default target arm64-apple-darwin24.3.0
ignoring nonexistent directory "/Library/Developer/CommandLineTools/SDKs/MacOSX15.2.sdk/usr/local/include"
ignoring nonexistent directory "/Library/Developer/CommandLineTools/SDKs/MacOSX15.2.sdk/Library/Frameworks"
#include "..." search starts here:
#include <...> search starts here:
 /Library/Developer/CommandLineTools/usr/lib/clang/16/include
 /Library/Developer/CommandLineTools/SDKs/MacOSX15.2.sdk/usr/include
 /Library/Developer/CommandLineTools/usr/include
 /Library/Developer/CommandLineTools/SDKs/MacOSX15.2.sdk/System/Library/Frameworks (framework directory)
End of search list.
Linking C executable cmTC_060c6
/opt/homebrew/Cellar/cmake/3.25.2/bin/cmake -E cmake_link_script CMakeFiles/cmTC_060c6.dir/link.txt --verbose=1
/Library/Developer/CommandLineTools/usr/bin/cc  -arch arm64 -isysroot /Library/Developer/CommandLineTools/SDKs/MacOSX15.2.sdk -Wl,-search_paths_first -Wl,-headerpad_max_install_names  -v -Wl,-v CMakeFiles/cmTC_060c6.dir/CMakeCCompilerABI.c.o -o cmTC_060c6 
Apple clang version 16.0.0 (clang-1600.0.26.6)
Target: arm64-apple-darwin24.3.0
Thread model: posix
InstalledDir: /Library/Developer/CommandLineTools/usr/bin
 "/Library/Developer/CommandLineTools/usr/bin/ld" -demangle -lto_library /Library/Developer/CommandLineTools/usr/lib/libLTO.dylib -dynamic -arch arm64 -platform_version macos 15.0.0 15.2 -syslibroot /Library/Developer/CommandLineTools/SDKs/MacOSX15.2.sdk -mllvm -enable-linkonceodr-outlining -o cmTC_060c6 -search_paths_first -headerpad_max_install_names -v CMakeFiles/cmTC_060c6.dir/CMakeCCompilerABI.c.o -lSystem /Library/Developer/CommandLineTools/usr/lib/clang/16/lib/darwin/libclang_rt.osx.a
@(#)PROGRAM:ld PROJECT:ld-1115.7.3
BUILD 23:52:02 Dec  5 2024
configured to support archs: armv6 armv7 armv7s arm64 arm64e arm64_32 i386 x86_64 x86_64h armv6m armv7k armv7m armv7em
will use ld-classic for: armv6 armv7 armv7s i386 armv6m armv7k armv7m armv7em
LTO support using: LLVM version 16.0.0 (static support for 29, runtime is 29)
TAPI support using: Apple TAPI version 16.0.0 (tapi-1600.0.11.9)
Library search paths:
	/Library/Developer/CommandLineTools/SDKs/MacOSX15.2.sdk/usr/lib
	/Library/Developer/CommandLineTools/SDKs/MacOSX15.2.sdk/usr/lib/swift
Framework search paths:
	/Library/Developer/CommandLineTools/SDKs/MacOSX15.2.sdk/System/Library/Frameworks



Parsed C implicit include dir info from above output: rv=done
  found start of include info
  found start of implicit include info
    add: [/Library/Developer/CommandLineTools/usr/lib/clang/16/include]
    add: [/Library/Developer/CommandLineTools/SDKs/MacOSX15.2.sdk/usr/include]
    add: [/Library/Developer/CommandLineTools/usr/include]
  end of search list found
  collapse include dir [/Library/Developer/CommandLineTools/usr/lib/clang/16/include] ==> [/Library/Developer/CommandLineTools/usr/lib/clang/16/include]
  collapse include dir [/Library/Developer/CommandLineTools/SDKs/MacOSX15.2.sdk/usr/include] ==> [/Library/Developer/CommandLineTools/SDKs/MacOSX15.2.sdk/usr/include]
  collapse include dir [/Library/Developer/CommandLineTools/usr/include] ==> [/Library/Developer/CommandLineTools/usr/include]
  implicit include dirs: [/Library/Developer/CommandLineTools/usr/lib/clang/16/include;/Library/Developer/CommandLineTools/SDKs/MacOSX15.2.sdk/usr/include;/Library/Developer/CommandLineTools/usr/include]


Parsed C implicit link information from above output:
  link line regex: [^( *|.*[/\])(ld|CMAKE_LINK_STARTFILE-NOTFOUND|([^/\]+-)?ld|collect2)[^/\]*( |$)]
  ignore line: [Change Dir: /Users/xiaohuo/Documents/Code/项目一代码/AI-infra/lesson_threads/build/CMakeFiles/CMakeScratch/TryCompile-IStisa]
  ignore line: []
  ignore line: [Run Build Command(s):/usr/bin/make -f Makefile cmTC_060c6/fast && /Library/Developer/CommandLineTools/usr/bin/make  -f CMakeFiles/cmTC_060c6.dir/build.make CMakeFiles/cmTC_060c6.dir/build]
  ignore line: [Building C object CMakeFiles/cmTC_060c6.dir/CMakeCCompilerABI.c.o]
  ignore line: [/Library/Developer/CommandLineTools/usr/bin/cc   -arch arm64 -isysroot /Library/Developer/CommandLineTools/SDKs/MacOSX15.2.sdk   -v -Wl -v -MD -MT CMakeFiles/cmTC_060c6.dir/CMakeCCompilerABI.c.o -MF CMakeFiles/cmTC_060c6.dir/CMakeCCompilerABI.c.o.d -o CMakeFiles/cmTC_060c6.dir/CMakeCCompilerABI.c.o -c /opt/homebrew/Cellar/cmake/3.25.2/share/cmake/Modules/CMakeCCompilerABI.c]
  ignore line: [Apple clang version 16.0.0 (clang-1600.0.26.6)]
  ignore line: [Target: arm64-apple-darwin24.3.0]
  ignore line: [Thread model: posix]
  ignore line: [InstalledDir: /Library/Developer/CommandLineTools/usr/bin]
  ignore line: [cc: warning: -Wl -v: 'linker' input unused [-Wunused-command-line-argument]]
  ignore line: [ "/Library/Developer/CommandLineTools/usr/bin/clang" -cc1 -triple arm64-apple-macosx15.0.0 -Wundef-prefix=TARGET_OS_ -Wdeprecated-objc-isa-usage -Werror=deprecated-objc-isa-usage -Werror=implicit-function-declaration -emit-obj -mrelax-all -disable-free -clear-ast-before-backend -disable-llvm-verifier -discard-value-names -main-file-name CMakeCCompilerABI.c -mrelocation-model pic -pic-level 2 -mframe-pointer=non-leaf -fno-strict-return -ffp-contract=on -fno-rounding-math -funwind-tables=1 -fobjc-msgsend-selector-stubs -target-sdk-version=15.2 -fvisibility-inlines-hidden-static-local-var -fno-modulemap-allow-subdirectory-search -target-cpu apple-m1 -target-feature +v8.5a -target-feature +aes -target-feature +crc -target-feature +dotprod -target-feature +fp-armv8 -target-feature +fp16fml -target-feature +lse -target-feature +ras -target-feature +rcpc -target-feature +rdm -target-feature +sha2 -target-feature +sha3 -target-feature +neon -target-feature +zcm -target-feature +zcz -target-feature +fullfp16 -target-abi darwinpcs -debugger-tuning=lldb -target-linker-version 1115.7.3 -v -fcoverage-compilation-dir=/Users/xiaohuo/Documents/Code/项目一代码/AI-infra/lesson_threads/build/CMakeFiles/CMakeScratch/TryCompile-IStisa -resource-dir /Library/Developer/CommandLineTools/usr/lib/clang/16 -dependency-file CMakeFiles/cmTC_060c6.dir/CMakeCCompilerABI.c.o.d -skip-unused-modulemap-deps -MT CMakeFiles/cmTC_060c6.dir/CMakeCCompilerABI.c.o -sys-header-deps -isysroot /Library/Developer/CommandLineTools/SDKs/MacOSX15.2.sdk -internal-isystem /Library/Developer/CommandLineTools/SDKs/MacOSX15.2.sdk/usr/local/include -internal-isystem /Library/Developer/CommandLineTools/usr/lib/clang/16/include -internal-externc-isystem /Library/Developer/CommandLineTools/SDKs/MacOSX15.2.sdk/usr/include -internal-externc-isystem /Library/Developer/CommandLineTools/usr/include -Wno-reorder-init-list -Wno-implicit-int-float-conversion -Wno-c99-designator -Wno-final-dtor-non-final-class -Wno-extra-semi-stmt -Wno-misleading-indentation -Wno-quoted-include-in-framework-header -Wno-implicit-fallthrough -Wno-enum-enum-conversion -Wno-enum-float-conversion -Wno-elaborated-enum-base -Wno-reserved-identifier -Wno-gnu-folding-constant -fdebug-compilation-dir=/Users/xiaohuo/Documents/Code/项目一代码/AI-infra/lesson_threads/build/CMakeFiles/CMakeScratch/TryCompile-IStisa -ferror-limit 19 -stack-protector 1 -fstack-check -mdarwin-stkchk-strong-link -fblocks -fencode-extended-block-signature -fregister-global-dtors-with-atexit -fgnuc-version=4.2.1 -fmax-type-align=16 -fcommon -clang-vendor-feature=+disableNonDependentMemberExprInCurrentInstantiation -fno-odr-hash-protocols -clang-vendor-feature=+enableAggressiveVLAFolding -clang-vendor-feature=+revert09abecef7bbf -clang-vendor-feature=+thisNoAlignAttr -clang-vendor-feature=+thisNoNullAttr -clang-vendor-feature=+disableAtImportPrivateFrameworkInImplementationError -D__GCC_HAVE_DWARF2_CFI_ASM=1 -o CMakeFiles/cmTC_060c6.dir/CMakeCCompilerABI.c.o -x c /opt/homebrew/Cellar/cmake/3.25.2/share/cmake/Modules/CMakeCCompilerABI.c]
  ignore line: [clang -cc1 version 16.0.0 (clang-1600.0.26.6) default target arm64-apple-darwin24.3.0]
  ignore line: [ignoring nonexistent directory "/Library/Developer/CommandLineTools/SDKs/MacOSX15.2.sdk/usr/local/include"]
  ignore line: [ignoring nonexistent directory "/Library/Developer/CommandLineTools/SDKs/MacOSX15.2.sdk/Library/Frameworks"]
  ignore line: [#include "..." search starts here:]
  ignore line: [#include <...> search starts here:]
  ignore line: [ /Library/Developer/CommandLineTools/usr/lib/clang/16/include]
  ignore line: [ /Library/Developer/CommandLineTools/SDKs/MacOSX15.2.sdk/usr/include]
  ignore line: [ /Library/Developer/CommandLineTools/usr/include]
  ignore line: [ /Library/Developer/CommandLineTools/SDKs/MacOSX15.2.sdk/System/Library/Frameworks (framework directory)]
  ignore line: [End of search list.]
  ignore line: [Linking C executable cmTC_060c6]
  ignore line: [/opt/homebrew/Cellar/cmake/3.25.2/bin/cmake -E cmake_link_script CMakeFiles/cmTC_060c6.dir/link.txt --verbose=1]
  ignore line: [/Library/Developer/CommandLineTools/usr/bin/cc  -arch arm64 -isysroot /Library/Developer/CommandLineTools/SDKs/MacOSX15.2.sdk -Wl -search_paths_first -Wl -headerpad_max_install_names  -v -Wl -v CMakeFiles/cmTC_060c6.dir/CMakeCCompilerABI.c.o -o cmTC_060c6 ]
  ignore line: [Apple clang version 16.0.0 (clang-1600.0.26.6)]
  ignore line: [Target: arm64-apple-darwin24.3.0]
  ignore line: [Thread model: posix]
  ignore line: [InstalledDir: /Library/Developer/CommandLineTools/usr/bin]
  link line: [ "/Library/Developer/CommandLineTools/usr/bin/ld" -demangle -lto_library /Library/Developer/CommandLineTools/usr/lib/libLTO.dylib -dynamic -arch arm64 -platform_version macos 15.0.0 15.2 -syslibroot /Library/Developer/CommandLineTools/SDKs/MacOSX15.2.sdk -mllvm -enable-linkonceodr-outlining -o cmTC_060c6 -search_paths_first -headerpad_max_install_names -v CMakeFiles/cmTC_060c6.dir/CMakeCCompilerABI.c.o -lSystem /Library/Developer/CommandLineTools/usr/lib/clang/16/lib/darwin/libclang_rt.osx.a]
    arg [/Library/Developer/CommandLineTools/usr/bin/ld] ==> ignore
    arg [-demangle] ==> ignore
    arg [-lto_library] ==> ignore, skip following value
    arg [/Library/Developer/CommandLineTools/usr/lib/libLTO.dylib] ==> skip value of -lto_library
    arg [-dynamic] ==> ignore
    arg [-arch] ==> ignore
    arg [arm64] ==> ignore
    arg [-platform_version] ==> ignore
    arg [macos] ==> ignore
    arg [15.0.0] ==> ignore
    arg [15.2] ==> ignore
    arg [-syslibroot] ==> ignore
    arg [/Library/Developer/CommandLineTools/SDKs/MacOSX15.2.sdk] ==> ignore
    arg [-mllvm] ==> ignore
    arg [-enable-linkonceodr-outlining] ==> ignore
    arg [-o] ==> ignore
    arg [cmTC_060c6] ==> ignore
    arg [-search_paths_first] ==> ignore
    arg [-headerpad_max_install_names] ==> ignore
    arg [-v] ==> ignore
    arg [CMakeFiles/cmTC_060c6.dir/CMakeCCompilerABI.c.o] ==> ignore
    arg [-lSystem] ==> lib [System]
    arg [/Library/Developer/CommandLineTools/usr/lib/clang/16/lib/darwin/libclang_rt.osx.a] ==> lib [/Library/Developer/CommandLineTools/usr/lib/clang/16/lib/darwin/libclang_rt.osx.a]
  Library search paths: [;/Library/Developer/CommandLineTools/SDKs/MacOSX15.2.sdk/usr/lib;/Library/Developer/CommandLineTools/SDKs/MacOSX15.2.sdk/usr/lib/swift]
  Framework search paths: [;/Library/Developer/CommandLineTools/SDKs/MacOSX15.2.sdk/System/Library/Frameworks]
  remove lib [System]
  remove lib [/Library/Developer/CommandLineTools/usr/lib/clang/16/lib/darwin/libclang_rt.osx.a]
  collapse library dir [/Library/Developer/CommandLineTools/SDKs/MacOSX15.2.sdk/usr/lib] ==> [/Library/Developer/CommandLineTools/SDKs/MacOSX15.2.sdk/usr/lib]
  collapse library dir [/Library/Developer/CommandLineTools/SDKs/MacOSX15.2.sdk/usr/lib/swift] ==> [/Library/Developer/CommandLineTools/SDKs/MacOSX15.2.sdk/usr/lib/swift]
  collapse framework dir [/Library/Developer/CommandLineTools/SDKs/MacOSX15.2.sdk/System/Library/Frameworks] ==> [/Library/Developer/CommandLineTools/SDKs/MacOSX15.2.sdk/System/Library/Frameworks]
  implicit libs: []
  implicit objs: []
  implicit dirs: [/Library/Developer/CommandLineTools/SDKs/MacOSX15.2.sdk/usr/lib;/Library/Developer/CommandLineTools/SDKs/MacOSX15.2.sdk/usr/lib/swift]
  implicit fwks: [/Library/Developer/CommandLineTools/SDKs/MacOSX15.2.sdk/System/Library/Frameworks]


Detecting CXX compiler ABI info compiled with the following output:
Change Dir: /Users/xiaohuo/Documents/Code/项目一代码/AI-infra/lesson_threads/build/CMakeFiles/CMakeScratch/TryCompile-gpkoOX

Run Build Command(s):/usr/bin/make -f Makefile cmTC_510e7/fast && /Library/Developer/CommandLineTools/usr/bin/make  -f CMakeFiles/cmTC_510e7.dir/build.make CMakeFiles/cmTC_510e7.dir/build
Building CXX object CMakeFiles/cmTC_510e7.dir/CMakeCXXCompilerABI.cpp.o
/Library/Developer/CommandLineTools/usr/bin/c++   -arch arm64 -isysroot /Library/Developer/CommandLineTools/SDKs/MacOSX15.2.sdk   -v -Wl,-v -MD -MT CMakeFiles/cmTC_510e7.dir/CMakeCXXCompilerABI.cpp.o -MF CMakeFiles/cmTC_510e7.dir/CMakeCXXCompilerABI.cpp.o.d -o CMakeFiles/cmTC_510e7.dir/CMakeCXXCompilerABI.cpp.o -c /opt/homebrew/Cellar/cmake/3.25.2/share/cmake/Modules/CMakeCXXCompilerABI.cpp
Apple clang version 16.0.0 (clang-1600.0.26.6)
Target: arm64-apple-darwin24.3.0
Thread model: posix
InstalledDir: /Library/Developer/CommandLineTools/usr/bin
c++: warning: -Wl,-v: 'linker' input unused [-Wunused-command-line-argument]
 "/Library/Developer/CommandLineTools/usr/bin/clang" -cc1 -triple arm64-apple-macosx15.0.0 -Wundef-prefix=TARGET_OS_ -Wdeprecated-objc-isa-usage -Werror=deprecated-objc-isa-usage -Werror=implicit-function-declaration -emit-obj -mrelax-all -disable-free -clear-ast-before-backend -disable-llvm-verifier -discard-value-names -main-file-name CMakeCXXCompilerABI.cpp -mrelocation-model pic -pic-level 2 -mframe-pointer=non-leaf -fno-strict-return -ffp-contract=on -fno-rounding-math -funwind-tables=1 -fobjc-msgsend-selector-stubs -target-sdk-version=15.2 -fvisibility-inlines-hidden-static-local-var -fno-modulemap-allow-subdirectory-search -target-cpu apple-m1 -target-feature +v8.5a -target-feature +aes -target-feature +crc -target-feature +dotprod -target-feature +fp-armv8 -target-feature +fp16fml -target-feature +lse -target-feature +ras -target-feature +rcpc -target-feature +rdm -target-feature +sha2 -target-feature +sha3 -target-feature +neon -target-feature +zcm -target-feature +zcz -target-feature +fullfp16 -target-abi darwinpcs -debugger-tuning=lldb -target-linker-version 1115.7.3 -v -fcoverage-compilation-dir=/Users/xiaohuo/Documents/Code/项目一代码/AI-infra/lesson_threads/build/CMakeFiles/CMakeScratch/TryCompile-gpkoOX -resource-dir /Library/Developer/CommandLineTools/usr/lib/clang/16 -dependency-file CMakeFiles/cmTC_510e7.dir/CMakeCXXCompilerABI.cpp.o.d -skip-unused-modulemap-deps -MT CMakeFiles/cmTC_510e7.dir/CMakeCXXCompilerABI.cpp.o -sys-header-deps -isysroot /Library/Developer/CommandLineTools/SDKs/MacOSX15.2.sdk -internal-isystem /Library/Developer/CommandLineTools/usr/bin/../include/c++/v1 -internal-isystem /Library/Developer/CommandLineTools/SDKs/MacOSX15.2.sdk/usr/local/include -internal-isystem /Library/Developer/CommandLineTools/usr/lib/clang/16/include -internal-externc-isystem /Library/Developer/CommandLineTools/SDKs/MacOSX15.2.sdk/usr/include -internal-externc-isystem /Library/Developer/CommandLineTools/usr/include -Wno-reorder-init-list -Wno-implicit-int-float-conversion -Wno-c99-designator -Wno-final-dtor-non-final-class -Wno-extra-semi-stmt -Wno-misleading-indentation -Wno-quoted-include-in-framework-header -Wno-implicit-fallthrough -Wno-enum-enum-conversion -Wno-enum-float-conversion -Wno-elaborated-enum-base -Wno-reserved-identifier -Wno-gnu-folding-constant -fdeprecated-macro -fdebug-compilation-dir=/Users/xiaohuo/Documents/Code/项目一代码/AI-infra/lesson_threads/build/CMakeFiles/CMakeScratch/TryCompile-gpkoOX -ferror-limit 19 -stack-protector 1 -fstack-check -mdarwin-stkchk-strong-link -fblocks -fencode-extended-block-signature -fregister-global-dtors-with-atexit -fgnuc-version=4.2.1 -fno-cxx-modules -fcxx-exceptions -fexceptions -fmax-type-align=16 -fcommon -clang-vendor-feature=+disableNonDependentMemberExprInCurrentInstantiation -fno-odr-hash-protocols -clang-vendor-feature=+enableAggressiveVLAFolding -clang-vendor-feature=+revert09abecef7bbf -clang-vendor-feature=+thisNoAlignAttr -clang-vendor-feature=+thisNoNullAttr -clang-vendor-feature=+disableAtImportPrivateFrameworkInImplementationError -D__GCC_HAVE_DWARF2_CFI_ASM=1 -o CMakeFiles/cmTC_510e7.dir/CMakeCXXCompilerABI.cpp.o -x c++ /opt/homebrew/Cellar/cmake/3.25.2/share/cmake/Modules/CMakeCXXCompilerABI.cpp
clang -cc1 version 16.0.0 (clang-1600.0.26.6) default target arm64-apple-darwin24.3.0
ignoring nonexistent directory "/Library/Developer/CommandLineTools/SDKs/MacOSX15.2.sdk/usr/local/include"
ignoring nonexistent directory "/Library/Developer/CommandLineTools/SDKs/MacOSX15.2.sdk/Library/Frameworks"
#include "..." search starts here:
#include <...> search starts here:
 /Library/Developer/CommandLineTools/usr/bin/../include/c++/v1
 /Library/Developer/CommandLineTools/usr/lib/clang/16/include
 /Library/Developer/CommandLineTools/SDKs/MacOSX15.2.sdk/usr/include
 /Library/Developer/CommandLineTools/usr/include
 /Library/Developer/CommandLineTools/SDKs/MacOSX15.2.sdk/System/Library/Frameworks (framework directory)
End of search list.
Linking CXX executable cmTC_510e7
/opt/homebrew/Cellar/cmake/3.25.2/bin/cmake -E cmake_link_script CMakeFiles/cmTC_510e7.dir/link.txt --verbose=1
/Library/Developer/CommandLineTools/usr/bin/c++  -arch arm64 -isysroot /Library/Developer/CommandLineTools/SDKs/MacOSX15.2.sdk -Wl,-search_paths_first -Wl,-headerpad_max_install_names  -v -Wl,-v CMakeFiles/cmTC_510e7.dir/CMakeCXXCompilerABI.cpp.o -o cmTC_510e7 
Apple clang version 16.0.0 (clang-1600.0.26.6)
Target: arm64-apple-darwin24.3.0
Thread model: posix
InstalledDir: /Library/Developer/CommandLineTools/usr/bin
 "/Library/Developer/CommandLineTools/usr/bin/ld" -demangle -lto_library /Library/Developer/CommandLineTools/usr/lib/libLTO.dylib -dynamic -arch arm64 -platform_version macos 15.0.0 15.2 -syslibroot /Library/Developer/CommandLineTools/SDKs/MacOSX15.2.sdk -mllvm -enable-linkonceodr-outlining -o cmTC_510e7 -search_paths_first -headerpad_max_install_names -v CMakeFiles/cmTC_510e7.dir/CMakeCXXCompilerABI.cpp.o -lc++ -lSystem /Library/Developer/CommandLineTools/usr/lib/clang/16/lib/darwin/libclang_rt.osx.a
@(#)PROGRAM:ld PROJECT:ld-1115.7.3
BUILD 23:52:02 Dec  5 2024
configured to support archs: armv6 armv7 armv7s arm64 arm64e arm64_32 i386 x86_64 x86_64h armv6m armv7k armv7m armv7em
will use ld-classic for: armv6 armv7 armv7s i386 armv6m armv7k armv7m armv7em
LTO support using: LLVM version 16.0.0 (static support for 29, runtime is 29)
TAPI support using: Apple TAPI version 16.0.0 (tapi-1600.0.11.9)
Library search paths:
	/Library/Developer/CommandLineTools/SDKs/MacOSX15.2.sdk/usr/lib
	/Library/Developer/CommandLineTools/SDKs/MacOSX15.2.sdk/usr/lib/swift
Framework search paths:
	/Library/Developer/CommandLineTools/SDKs/MacOSX15.2.sdk/System/Library/Frameworks



Parsed CXX implicit include dir info from above output: rv=done
  found start of include info
  found start of implicit include info
    add: [/Library/Developer/CommandLineTools/usr/bin/../include/c++/v1]
    add: [/Library/Developer/CommandLineTools/usr/lib/clang/16/include]
    add: [/Library/Developer/CommandLineTools/SDKs/MacOSX15.2.sdk/usr/include]
    add: [/Library/Developer/CommandLineTools/usr/include]
  end of search list found
  collapse include dir [/Library/Developer/CommandLineTools/usr/bin/../include/c++/v1] ==> [/Library/Developer/CommandLineTools/usr/include/c++/v1]
  collapse include dir [/Library/Developer/CommandLineTools/usr/lib/clang/16/include] ==> [/Library/Developer/CommandLineTools/usr/lib/clang/16/include]
  collapse include dir [/Library/Developer/CommandLineTools/SDKs/MacOSX15.2.sdk/usr/include] ==> [/Library/Developer/CommandLineTools/SDKs/MacOSX15.2.sdk/usr/include]
  collapse include dir [/Library/Developer/CommandLineTools/usr/include] ==> [/Library/Developer/CommandLineTools/usr/include]
  implicit include dirs: [/Library/Developer/CommandLineTools/usr/include/c++/v1;/Library/Developer/CommandLineTools/usr/lib/clang/16/include;/Library/Developer/CommandLineTools/SDKs/MacOSX15.2.sdk/usr/include;/Library/Developer/CommandLineTools/usr/include]


Parsed CXX implicit link information from above output:
  link line regex: [^( *|.*[/\])(ld|CMAKE_LINK_STARTFILE-NOTFOUND|([^/\]+-)?ld|collect2)[^/\]*( |$)]
  ignore line: [Change Dir: /Users/xiaohuo/Documents/Code/项目一代码/AI-infra/lesson_threads/build/CMakeFiles/CMakeScratch/TryCompile-gpkoOX]
  ignore line: []
  ignore line: [Run Build Command(s):/usr/bin/make -f Makefile cmTC_510e7/fast && /Library/Developer/CommandLineTools/usr/bin/make  -f CMakeFiles/cmTC_510e7.dir/build.make CMakeFiles/cmTC_510e7.dir/build]
  ignore line: [Building CXX object CMakeFiles/cmTC_510e7.dir/CMakeCXXCompilerABI.cpp.o]
  ignore line: [/Library/Developer/CommandLineTools/usr/bin/c++   -arch arm64 -isysroot /Library/Developer/CommandLineTools/SDKs/MacOSX15.2.sdk   -v -Wl -v -MD -MT CMakeFiles/cmTC_510e7.dir/CMakeCXXCompilerABI.cpp.o -MF CMakeFiles/cmTC_510e7.dir/CMakeCXXCompilerABI.cpp.o.d -o CMakeFiles/cmTC_510e7.dir/CMakeCXXCompilerABI.cpp.o -c /opt/homebrew/Cellar/cmake/3.25.2/share/cmake/Modules/CMakeCXXCompilerABI.cpp]
  ignore line: [Apple clang version 16.0.0 (clang-1600.0.26.6)]
  ignore line: [Target: arm64-apple-darwin24.3.0]
  ignore line: [Thread model: posix]
  ignore line: [InstalledDir: /Library/Developer/CommandLineTools/usr/bin]
  ignore line: [c++: warning: -Wl -v: 'linker' input unused [-Wunused-command-line-argument]]
  ignore line: [ "/Library/Developer/CommandLineTools/usr/bin/clang" -cc1 -triple arm64-apple-macosx15.0.0 -Wundef-prefix=TARGET_OS_ -Wdeprecated-objc-isa-usage -Werror=deprecated-objc-isa-usage -Werror=implicit-function-declaration -emit-obj -mrelax-all -disable-free -clear-ast-before-backend -disable-llvm-verifier -discard-value-names -main-file-name CMakeCXXCompilerABI.cpp -mrelocation-model pic -pic-level 2 -mframe-pointer=non-leaf -fno-strict-return -ffp-contract=on -fno-rounding-math -funwind-tables=1 -fobjc-msgsend-selector-stubs -target-sdk-version=15.2 -fvisibility-inlines-hidden-static-local-var -fno-modulemap-allow-subdirectory-search -target-cpu apple-m1 -target-feature +v8.5a -target-feature +aes -target-feature +crc -target-feature +dotprod -target-feature +fp-armv8 -target-feature +fp16fml -target-feature +lse -target-feature +ras -target-feature +rcpc -target-feature +rdm -target-feature +sha2 -target-feature +sha3 -target-feature +neon -target-feature +zcm -target-feature +zcz -target-feature +fullfp16 -target-abi darwinpcs -debugger-tuning=lldb -target-linker-version 1115.7.3 -v -fcoverage-compilation-dir=/Users/xiaohuo/Documents/Code/项目一代码/AI-infra/lesson_threads/build/CMakeFiles/CMakeScratch/TryCompile-gpkoOX -resource-dir /Library/Developer/CommandLineTools/usr/lib/clang/16 -dependency-file CMakeFiles/cmTC_510e7.dir/CMakeCXXCompilerABI.cpp.o.d -skip-unused-modulemap-deps -MT CMakeFiles/cmTC_510e7.dir/CMakeCXXCompilerABI.cpp.o -sys-header-deps -isysroot /Library/Developer/CommandLineTools/SDKs/MacOSX15.2.sdk -internal-isystem /Library/Developer/CommandLineTools/usr/bin/../include/c++/v1 -internal-isystem /Library/Developer/CommandLineTools/SDKs/MacOSX15.2.sdk/usr/local/include -internal-isystem /Library/Developer/CommandLineTools/usr/lib/clang/16/include -internal-externc-isystem /Library/Developer/CommandLineTools/SDKs/MacOSX15.2.sdk/usr/include -internal-externc-isystem /Library/Developer/CommandLineTools/usr/include -Wno-reorder-init-list -Wno-implicit-int-float-conversion -Wno-c99-designator -Wno-final-dtor-non-final-class -Wno-extra-semi-stmt -Wno-misleading-indentation -Wno-quoted-include-in-framework-header -Wno-implicit-fallthrough -Wno-enum-enum-conversion -Wno-enum-float-conversion -Wno-elaborated-enum-base -Wno-reserved-identifier -Wno-gnu-folding-constant -fdeprecated-macro -fdebug-compilation-dir=/Users/xiaohuo/Documents/Code/项目一代码/AI-infra/lesson_threads/build/CMakeFiles/CMakeScratch/TryCompile-gpkoOX -ferror-limit 19 -stack-protector 1 -fstack-check -mdarwin-stkchk-strong-link -fblocks -fencode-extended-block-signature -fregister-global-dtors-with-atexit -fgnuc-version=4.2.1 -fno-cxx-modules -fcxx-exceptions -fexceptions -fmax-type-align=16 -fcommon -clang-vendor-feature=+disableNonDependentMemberExprInCurrentInstantiation -fno-odr-hash-protocols -clang-vendor-feature=+enableAggressiveVLAFolding -clang-vendor-feature=+revert09abecef7bbf -clang-vendor-feature=+thisNoAlignAttr -clang-vendor-feature=+thisNoNullAttr -clang-vendor-feature=+disableAtImportPrivateFrameworkInImplementationError -D__GCC_HAVE_DWARF2_CFI_ASM=1 -o CMakeFiles/cmTC_510e7.dir/CMakeCXXCompilerABI.cpp.o -x c++ /opt/homebrew/Cellar/cmake/3.25.2/share/cmake/Modules/CMakeCXXCompilerABI.cpp]
  ignore line: [clang -cc1 version 16.0.0 (clang-1600.0.26.6) default target arm64-apple-darwin24.3.0]
  ignore line: [ignoring nonexistent directory "/Library/Developer/CommandLineTools/SDKs/MacOSX15.2.sdk/usr/local/include"]
  ignore line: [ignoring nonexistent directory "/Library/Developer/CommandLineTools/SDKs/MacOSX15.2.sdk/Library/Frameworks"]
  ignore line: [#include "..." search starts here:]
  ignore line: [#include <...> search starts here:]
  ignore line: [ /Library/Developer/CommandLineTools/usr/bin/../include/c++/v1]
  ignore line: [ /Library/Developer/CommandLineTools/usr/lib/clang/16/include]
  ignore line: [ /Library/Developer/CommandLineTools/SDKs/MacOSX15.2.sdk/usr/include]
  ignore line: [ /Library/Developer/CommandLineTools/usr/include]
  ignore line: [ /Library/Developer/CommandLineTools/SDKs/MacOSX15.2.sdk/System/Library/Frameworks (framework directory)]
  ignore line: [End of search list.]
  ignore line: [Linking CXX executable cmTC_510e7]
  ignore line: [/opt/homebrew/Cellar/cmake/3.25.2/bin/cmake -E cmake_link_script CMakeFiles/cmTC_510e7.dir/link.txt --verbose=1]
  ignore line: [/Library/Developer/CommandLineTools/usr/bin/c++  -arch arm64 -isysroot /Library/Developer/CommandLineTools/SDKs/MacOSX15.2.sdk -Wl -search_paths_first -Wl -headerpad_max_install_names  -v -Wl -v CMakeFiles/cmTC_510e7.dir/CMakeCXXCompilerABI.cpp.o -o cmTC_510e7 ]
  ignore line: [Apple clang version 16.0.0 (clang-1600.0.26.6)]
  ignore line: [Target: arm64-apple-darwin24.3.0]
  ignore line: [Thread model: posix]
  ignore line: [InstalledDir: /Library/Developer/CommandLineTools/usr/bin]
  link line: [ "/Library/Developer/CommandLineTools/usr/bin/ld" -demangle -lto_library /Library/Developer/CommandLineTools/usr/lib/libLTO.dylib -dynamic -arch arm64 -platform_version macos 15.0.0 15.2 -syslibroot /Library/Developer/CommandLineTools/SDKs/MacOSX15.2.sdk -mllvm -enable-linkonceodr-outlining -o cmTC_510e7 -search_paths_first -headerpad_max_install_names -v CMakeFiles/cmTC_510e7.dir/CMakeCXXCompilerABI.cpp.o -lc++ -lSystem /Library/Developer/CommandLineTools/usr/lib/clang/16/lib/darwin/libclang_rt.osx.a]
    arg [/Library/Developer/CommandLineTools/usr/bin/ld] ==> ignore
    arg [-demangle] ==> ignore
    arg [-lto_library] ==> ignore, skip following value
    arg [/Library/Developer/CommandLineTools/usr/lib/libLTO.dylib] ==> skip value of -lto_library
    arg [-dynamic] ==> ignore
    arg [-arch] ==> ignore
    arg [arm64] ==> ignore
    arg [-platform_version] ==> ignore
    arg [macos] ==> ignore
    arg [15.0.0] ==> ignore
    arg [15.2] ==> ignore
    arg [-syslibroot] ==> ignore
    arg [/Library/Developer/CommandLineTools/SDKs/MacOSX15.2.sdk] ==> ignore
    arg [-mllvm] ==> ignore
    arg [-enable-linkonceodr-outlining] ==> ignore
    arg [-o] ==> ignore
    arg [cmTC_510e7] ==> ignore
    arg [-search_paths_first] ==> ignore
    arg [-headerpad_max_install_names] ==> ignore
    arg [-v] ==> ignore
    arg [CMakeFiles/cmTC_510e7.dir/CMakeCXXCompilerABI.cpp.o] ==> ignore
    arg [-lc++] ==> lib [c++]
    arg [-lSystem] ==> lib [System]
    arg [/Library/Developer/CommandLineTools/usr/lib/clang/16/lib/darwin/libclang_rt.osx.a] ==> lib [/Library/Developer/CommandLineTools/usr/lib/clang/16/lib/darwin/libclang_rt.osx.a]
  Library search paths: [;/Library/Developer/CommandLineTools/SDKs/MacOSX15.2.sdk/usr/lib;/Library/Developer/CommandLineTools/SDKs/MacOSX15.2.sdk/usr/lib/swift]
  Framework search paths: [;/Library/Developer/CommandLineTools/SDKs/MacOSX15.2.sdk/System/Library/Frameworks]
  remove lib [System]
  remove lib [/Library/Developer/CommandLineTools/usr/lib/clang/16/lib/darwin/libclang_rt.osx.a]
  collapse library dir [/Library/Developer/CommandLineTools/SDKs/MacOSX15.2.sdk/usr/lib] ==> [/Library/Developer/CommandLineTools/SDKs/MacOSX15.2.sdk/usr/lib]
  collapse library dir [/Library/Developer/CommandLineTools/SDKs/MacOSX15.2.sdk/usr/lib/swift] ==> [/Library/Developer/CommandLineTools/SDKs/MacOSX15.2.sdk/usr/lib/swift]
  collapse framework dir [/Library/Developer/CommandLineTools/SDKs/MacOSX15.2.sdk/System/Library/Frameworks] ==> [/Library/Developer/CommandLineTools/SDKs/MacOSX15.2.sdk/System/Library/Frameworks]
  implicit libs: [c++]
  implicit objs: []
  implicit dirs: [/Library/Developer/CommandLineTools/SDKs/MacOSX15.2.sdk/usr/lib;/Library/Developer/CommandLineTools/SDKs/MacOSX15.2.sdk/usr/lib/swift]
  implicit fwks: [/Library/Developer/CommandLineTools/SDKs/MacOSX15.2.sdk/System/Library/Frameworks]


Performing C SOURCE FILE Test CMAKE_HAVE_LIBC_PTHREAD succeeded with the following output:
Change Dir: /Users/xiaohuo/Documents/Code/项目一代码/AI-infra/lesson_threads/build/CMakeFiles/CMakeScratch/TryCompile-LfiMK2

Run Build Command(s):/usr/bin/make -f Makefile cmTC_2e2c9/fast && /Library/Developer/CommandLineTools/usr/bin/make  -f CMakeFiles/cmTC_2e2c9.dir/build.make CMakeFiles/cmTC_2e2c9.dir/build
Building C object CMakeFiles/cmTC_2e2c9.dir/src.c.o
/Library/Developer/CommandLineTools/usr/bin/cc -DCMAKE_HAVE_LIBC_PTHREAD  -arch arm64 -isysroot /Library/Developer/CommandLineTools/SDKs/MacOSX15.2.sdk -fPIE -std=gnu11 -MD -MT CMakeFiles/cmTC_2e2c9.dir/src.c.o -MF CMakeFiles/cmTC_2e2c9.dir/src.c.o.d -o CMakeFiles/cmTC_2e2c9.dir/src.c.o -c /Users/xiaohuo/Documents/Code/项目一代码/AI-infra/lesson_threads/build/CMakeFiles/CMakeScratch/TryCompile-LfiMK2/src.c
Linking C executable cmTC_2e2c9
/opt/homebrew/Cellar/cmake/3.25.2/bin/cmake -E cmake_link_script CMakeFiles/cmTC_2e2c9.dir/link.txt --verbose=1
/Library/Developer/CommandLineTools/usr/bin/cc  -arch arm64 -isysroot /Library/Developer/CommandLineTools/SDKs/MacOSX15.2.sdk -Wl,-search_paths_first -Wl,-headerpad_max_install_names CMakeFiles/cmTC_2e2c9.dir/src.c.o -o cmTC_2e2c9 


Source file was:
#include <pthread.h>

static void* test_func(void* data)
{
  return data;
}

int main(void)
{
  pthread_t thread;
  pthread_create(&thread, NULL, test_func, NULL);
  pthread_detach(thread);
  pthread_cancel(thread);
  pthread_join(thread, NULL);
  pthread_atfork(NULL, NULL, NULL);
  pthread_exit(NULL);

  return 0;
}


Performing C++ SOURCE FILE Test GGML_MACHINE_SUPPORTS_dotprod succeeded with the following compile output:
Change Dir: /Users/xiaohuo/Documents/Code/项目一代码/AI-infra/lesson_threads/build/CMakeFiles/CMakeScratch/TryCompile-EMqzRQ

Run Build Command(s):/usr/bin/make -f Makefile cmTC_cce2a/fast && /Library/Developer/CommandLineTools/usr/bin/make  -f CMakeFiles/cmTC_cce2a.dir/build.make CMakeFiles/cmTC_cce2a.dir/build
Building CXX object CMakeFiles/cmTC_cce2a.dir/src.cxx.o
/Library/Developer/CommandLineTools/usr/bin/c++ -DGGML_MACHINE_SUPPORTS_dotprod  -mcpu=native+dotprod -arch arm64 -isysroot /Library/Developer/CommandLineTools/SDKs/MacOSX15.2.sdk -fPIE -std=gnu++17 -MD -MT CMakeFiles/cmTC_cce2a.dir/src.cxx.o -MF CMakeFiles/cmTC_cce2a.dir/src.cxx.o.d -o CMakeFiles/cmTC_cce2a.dir/src.cxx.o -c /Users/xiaohuo/Documents/Code/项目一代码/AI-infra/lesson_threads/build/CMakeFiles/CMakeScratch/TryCompile-EMqzRQ/src.cxx
Linking CXX executable cmTC_cce2a
/opt/homebrew/Cellar/cmake/3.25.2/bin/cmake -E cmake_link_script CMakeFiles/cmTC_cce2a.dir/link.txt --verbose=1
/Library/Developer/CommandLineTools/usr/bin/c++  -mcpu=native+dotprod -arch arm64 -isysroot /Library/Developer/CommandLineTools/SDKs/MacOSX15.2.sdk -Wl,-search_paths_first -Wl,-headerpad_max_install_names CMakeFiles/cmTC_cce2a.dir/src.cxx.o -o cmTC_cce2a 


...and run output:

Return value: 1
Source file was:
#include <arm_neon.h>
int main() { int8x16_t _a, _b; volatile int32x4_t _s = vdotq_s32(_s, _a, _b); return 0; }

Performing C++ SOURCE FILE Test GGML_MACHINE_SUPPORTS_noi8mm succeeded with the following output:
Change Dir: /Users/xiaohuo/Documents/Code/项目一代码/AI-infra/lesson_threads/build/CMakeFiles/CMakeScratch/TryCompile-9FnGUP

Run Build Command(s):/usr/bin/make -f Makefile cmTC_0a7af/fast && /Library/Developer/CommandLineTools/usr/bin/make  -f CMakeFiles/cmTC_0a7af.dir/build.make CMakeFiles/cmTC_0a7af.dir/build
Building CXX object CMakeFiles/cmTC_0a7af.dir/src.cxx.o
/Library/Developer/CommandLineTools/usr/bin/c++ -DGGML_MACHINE_SUPPORTS_noi8mm  -mcpu=native+noi8mm -arch arm64 -isysroot /Library/Developer/CommandLineTools/SDKs/MacOSX15.2.sdk -fPIE -std=gnu++17 -MD -MT CMakeFiles/cmTC_0a7af.dir/src.cxx.o -MF CMakeFiles/cmTC_0a7af.dir/src.cxx.o.d -o CMakeFiles/cmTC_0a7af.dir/src.cxx.o -c /Users/xiaohuo/Documents/Code/项目一代码/AI-infra/lesson_threads/build/CMakeFiles/CMakeScratch/TryCompile-9FnGUP/src.cxx
Linking CXX executable cmTC_0a7af
/opt/homebrew/Cellar/cmake/3.25.2/bin/cmake -E cmake_link_script CMakeFiles/cmTC_0a7af.dir/link.txt --verbose=1
/Library/Developer/CommandLineTools/usr/bin/c++  -mcpu=native+noi8mm -arch arm64 -isysroot /Library/Developer/CommandLineTools/SDKs/MacOSX15.2.sdk -Wl,-search_paths_first -Wl,-headerpad_max_install_names CMakeFiles/cmTC_0a7af.dir/src.cxx.o -o cmTC_0a7af 


Source file was:
int main() { return 0; }

Performing C++ SOURCE FILE Test GGML_MACHINE_SUPPORTS_nosve succeeded with the following output:
Change Dir: /Users/xiaohuo/Documents/Code/项目一代码/AI-infra/lesson_threads/build/CMakeFiles/CMakeScratch/TryCompile-u9MwuE

Run Build Command(s):/usr/bin/make -f Makefile cmTC_3117c/fast && /Library/Developer/CommandLineTools/usr/bin/make  -f CMakeFiles/cmTC_3117c.dir/build.make CMakeFiles/cmTC_3117c.dir/build
Building CXX object CMakeFiles/cmTC_3117c.dir/src.cxx.o
/Library/Developer/CommandLineTools/usr/bin/c++ -DGGML_MACHINE_SUPPORTS_nosve  -mcpu=native+nosve -arch arm64 -isysroot /Library/Developer/CommandLineTools/SDKs/MacOSX15.2.sdk -fPIE -std=gnu++17 -MD -MT CMakeFiles/cmTC_3117c.dir/src.cxx.o -MF CMakeFiles/cmTC_3117c.dir/src.cxx.o.d -o CMakeFiles/cmTC_3117c.dir/src.cxx.o -c /Users/xiaohuo/Documents/Code/项目一代码/AI-infra/lesson_threads/build/CMakeFiles/CMakeScratch/TryCompile-u9MwuE/src.cxx
Linking CXX executable cmTC_3117c
/opt/homebrew/Cellar/cmake/3.25.2/bin/cmake -E cmake_link_script CMakeFiles/cmTC_3117c.dir/link.txt --verbose=1
/Library/Developer/CommandLineTools/usr/bin/c++  -mcpu=native+nosve -arch arm64 -isysroot /Library/Developer/CommandLineTools/SDKs/MacOSX15.2.sdk -Wl,-search_paths_first -Wl,-headerpad_max_install_names CMakeFiles/cmTC_3117c.dir/src.cxx.o -o cmTC_3117c 


Source file was:
int main() { return 0; }

Performing C++ SOURCE FILE Test GGML_MACHINE_SUPPORTS_nosme succeeded with the following output:
Change Dir: /Users/xiaohuo/Documents/Code/项目一代码/AI-infra/lesson_threads/build/CMakeFiles/CMakeScratch/TryCompile-FC3LBl

Run Build Command(s):/usr/bin/make -f Makefile cmTC_6550b/fast && /Library/Developer/CommandLineTools/usr/bin/make  -f CMakeFiles/cmTC_6550b.dir/build.make CMakeFiles/cmTC_6550b.dir/build
Building CXX object CMakeFiles/cmTC_6550b.dir/src.cxx.o
/Library/Developer/CommandLineTools/usr/bin/c++ -DGGML_MACHINE_SUPPORTS_nosme  -mcpu=native+nosme -arch arm64 -isysroot /Library/Developer/CommandLineTools/SDKs/MacOSX15.2.sdk -fPIE -std=gnu++17 -MD -MT CMakeFiles/cmTC_6550b.dir/src.cxx.o -MF CMakeFiles/cmTC_6550b.dir/src.cxx.o.d -o CMakeFiles/cmTC_6550b.dir/src.cxx.o -c /Users/xiaohuo/Documents/Code/项目一代码/AI-infra/lesson_threads/build/CMakeFiles/CMakeScratch/TryCompile-FC3LBl/src.cxx
Linking CXX executable cmTC_6550b
/opt/homebrew/Cellar/cmake/3.25.2/bin/cmake -E cmake_link_script CMakeFiles/cmTC_6550b.dir/link.txt --verbose=1
/Library/Developer/CommandLineTools/usr/bin/c++  -mcpu=native+nosme -arch arm64 -isysroot /Library/Developer/CommandLineTools/SDKs/MacOSX15.2.sdk -Wl,-search_paths_first -Wl,-headerpad_max_install_names CMakeFiles/cmTC_6550b.dir/src.cxx.o -o cmTC_6550b 


Source file was:
int main() { return 0; }

Determining if the function dgemm_ exists passed with the following output:
Change Dir: /Users/xiaohuo/Documents/Code/项目一代码/AI-infra/lesson_threads/build/CMakeFiles/CMakeScratch/TryCompile-jqELX0

Run Build Command(s):/usr/bin/make -f Makefile cmTC_5f8fc/fast && /Library/Developer/CommandLineTools/usr/bin/make  -f CMakeFiles/cmTC_5f8fc.dir/build.make CMakeFiles/cmTC_5f8fc.dir/build
Building C object CMakeFiles/cmTC_5f8fc.dir/CheckFunctionExists.c.o
/Library/Developer/CommandLineTools/usr/bin/cc   -DCHECK_FUNCTION_EXISTS=dgemm_ -arch arm64 -isysroot /Library/Developer/CommandLineTools/SDKs/MacOSX15.2.sdk -fPIE -std=gnu11 -MD -MT CMakeFiles/cmTC_5f8fc.dir/CheckFunctionExists.c.o -MF CMakeFiles/cmTC_5f8fc.dir/CheckFunctionExists.c.o.d -o CMakeFiles/cmTC_5f8fc.dir/CheckFunctionExists.c.o -c /Users/xiaohuo/Documents/Code/项目一代码/AI-infra/lesson_threads/build/CMakeFiles/CMakeScratch/TryCompile-jqELX0/CheckFunctionExists.c
Linking C executable cmTC_5f8fc
/opt/homebrew/Cellar/cmake/3.25.2/bin/cmake -E cmake_link_script CMakeFiles/cmTC_5f8fc.dir/link.txt --verbose=1
/Library/Developer/CommandLineTools/usr/bin/cc  -DCHECK_FUNCTION_EXISTS=dgemm_ -arch arm64 -isysroot /Library/Developer/CommandLineTools/SDKs/MacOSX15.2.sdk -Wl,-search_paths_first -Wl,-headerpad_max_install_names CMakeFiles/cmTC_5f8fc.dir/CheckFunctionExists.c.o -o cmTC_5f8fc  -Xlinker -framework -Xlinker Accelerate 



Checking whether the ASM compiler is Clang using "--version" matched "(clang version)":
Apple clang version 16.0.0 (clang-1600.0.26.6)
Target: arm64-apple-darwin24.3.0
Thread model: posix
InstalledDir: /Library/Developer/CommandLineTools/usr/bin
